---
http_interactions:
- request:
    method: post
    uri: https://api.stripe.com/v1/customers
    body:
      encoding: UTF-8
      string: email=stripe%40example.org&name=Stripe+User
    headers:
      User-Agent:
      - Stripe/v1 RubyBindings/5.38.0 PayRails/3.0.0 (https://github.com/pay-rails/pay)
      Authorization:
      - Bearer <STRIPE_PRIVATE_KEY>
      Content-Type:
      - application/x-www-form-urlencoded
      X-Stripe-Client-Telemetry:
      - '{"last_request_metrics":{"request_id":"req_9meIPuwVBgrnd3","request_duration_ms":1}}'
      Stripe-Version:
      - '2020-08-27'
      X-Stripe-Client-User-Agent:
      - '{"application":{"name":"PayRails","partner_id":"pp_partner_IqhY0UExnJYLxg","url":"https://github.com/pay-rails/pay","version":"3.0.0"},"bindings_version":"5.38.0","lang":"ruby","lang_version":"3.0.2
        p107 (2021-07-07)","platform":"x86_64-darwin20","engine":"ruby","publisher":"stripe","uname":"Darwin
        Chriss-iMac.local 20.5.0 Darwin Kernel Version 20.5.0: Sat May  8 05:10:33
        PDT 2021; root:xnu-7195.121.3~9/RELEASE_X86_64 x86_64","hostname":"Chriss-iMac.local"}'
      Accept-Encoding:
      - gzip;q=1.0,deflate;q=0.6,identity;q=0.3
      Accept:
      - "*/*"
  response:
    status:
      code: 200
      message: OK
    headers:
      Server:
      - nginx
      Date:
      - Wed, 01 Sep 2021 14:57:16 GMT
      Content-Type:
      - application/json
      Content-Length:
      - '594'
      Connection:
      - keep-alive
      Access-Control-Allow-Credentials:
      - 'true'
      Access-Control-Allow-Methods:
      - GET, POST, HEAD, OPTIONS, DELETE
      Access-Control-Allow-Origin:
      - "*"
      Access-Control-Expose-Headers:
      - Request-Id, Stripe-Manage-Version, X-Stripe-External-Auth-Required, X-Stripe-Privileged-Session-Required
      Access-Control-Max-Age:
      - '300'
      Cache-Control:
      - no-cache, no-store
      Request-Id:
      - req_QsLkh1Z6WZWChs
      Stripe-Version:
      - '2020-08-27'
      X-Stripe-C-Cost:
      - '0'
      Strict-Transport-Security:
      - max-age=31556926; includeSubDomains; preload
    body:
      encoding: UTF-8
      string: |
        {
          "id": "cus_K9DIAVWOIrEEk9",
          "object": "customer",
          "address": null,
          "balance": 0,
          "created": 1630508236,
          "currency": null,
          "default_source": null,
          "delinquent": false,
          "description": null,
          "discount": null,
          "email": "stripe@example.org",
          "invoice_prefix": "97957984",
          "invoice_settings": {
            "custom_fields": null,
            "default_payment_method": null,
            "footer": null
          },
          "livemode": false,
          "metadata": {
          },
          "name": "Stripe User",
          "next_invoice_sequence": 1,
          "phone": null,
          "preferred_locales": [

          ],
          "shipping": null,
          "tax_exempt": "none"
        }
  recorded_at: Wed, 01 Sep 2021 14:57:16 GMT
- request:
    method: post
    uri: https://api.stripe.com/v1/payment_methods/pm_card_authenticationRequired/attach
    body:
      encoding: UTF-8
      string: customer=cus_K9DIAVWOIrEEk9
    headers:
      User-Agent:
      - Stripe/v1 RubyBindings/5.38.0 PayRails/3.0.0 (https://github.com/pay-rails/pay)
      Authorization:
      - Bearer <STRIPE_PRIVATE_KEY>
      Content-Type:
      - application/x-www-form-urlencoded
      X-Stripe-Client-Telemetry:
      - '{"last_request_metrics":{"request_id":"req_QsLkh1Z6WZWChs","request_duration_ms":476}}'
      Stripe-Version:
      - '2020-08-27'
      X-Stripe-Client-User-Agent:
      - '{"application":{"name":"PayRails","partner_id":"pp_partner_IqhY0UExnJYLxg","url":"https://github.com/pay-rails/pay","version":"3.0.0"},"bindings_version":"5.38.0","lang":"ruby","lang_version":"3.0.2
        p107 (2021-07-07)","platform":"x86_64-darwin20","engine":"ruby","publisher":"stripe","uname":"Darwin
        Chriss-iMac.local 20.5.0 Darwin Kernel Version 20.5.0: Sat May  8 05:10:33
        PDT 2021; root:xnu-7195.121.3~9/RELEASE_X86_64 x86_64","hostname":"Chriss-iMac.local"}'
      Accept-Encoding:
      - gzip;q=1.0,deflate;q=0.6,identity;q=0.3
      Accept:
      - "*/*"
  response:
    status:
      code: 200
      message: OK
    headers:
      Server:
      - nginx
      Date:
      - Wed, 01 Sep 2021 14:57:17 GMT
      Content-Type:
      - application/json
      Content-Length:
      - '943'
      Connection:
      - keep-alive
      Access-Control-Allow-Credentials:
      - 'true'
      Access-Control-Allow-Methods:
      - GET, POST, HEAD, OPTIONS, DELETE
      Access-Control-Allow-Origin:
      - "*"
      Access-Control-Expose-Headers:
      - Request-Id, Stripe-Manage-Version, X-Stripe-External-Auth-Required, X-Stripe-Privileged-Session-Required
      Access-Control-Max-Age:
      - '300'
      Cache-Control:
      - no-cache, no-store
      Request-Id:
      - req_U0M1lJpbSqTWud
      Stripe-Version:
      - '2020-08-27'
      X-Stripe-C-Cost:
      - '4'
      Strict-Transport-Security:
      - max-age=31556926; includeSubDomains; preload
    body:
      encoding: UTF-8
      string: |
        {
          "id": "pm_1JUusKKXBGcbgpbZZYDD99IV",
          "object": "payment_method",
          "billing_details": {
            "address": {
              "city": null,
              "country": null,
              "line1": null,
              "line2": null,
              "postal_code": null,
              "state": null
            },
            "email": null,
            "name": null,
            "phone": null
          },
          "card": {
            "brand": "visa",
            "checks": {
              "address_line1_check": null,
              "address_postal_code_check": null,
              "cvc_check": null
            },
            "country": "DE",
            "exp_month": 9,
            "exp_year": 2022,
            "fingerprint": "qu2JxQg97yWGBVrd",
            "funding": "credit",
            "generated_from": null,
            "last4": "3184",
            "networks": {
              "available": [
                "visa"
              ],
              "preferred": null
            },
            "three_d_secure_usage": {
              "supported": true
            },
            "wallet": null
          },
          "created": 1630508236,
          "customer": "cus_K9DIAVWOIrEEk9",
          "livemode": false,
          "metadata": {
          },
          "type": "card"
        }
  recorded_at: Wed, 01 Sep 2021 14:57:17 GMT
- request:
    method: post
    uri: https://api.stripe.com/v1/customers/cus_K9DIAVWOIrEEk9
    body:
      encoding: UTF-8
      string: invoice_settings[default_payment_method]=pm_1JUusKKXBGcbgpbZZYDD99IV
    headers:
      User-Agent:
      - Stripe/v1 RubyBindings/5.38.0 PayRails/3.0.0 (https://github.com/pay-rails/pay)
      Authorization:
      - Bearer <STRIPE_PRIVATE_KEY>
      Content-Type:
      - application/x-www-form-urlencoded
      X-Stripe-Client-Telemetry:
      - '{"last_request_metrics":{"request_id":"req_U0M1lJpbSqTWud","request_duration_ms":1005}}'
      Stripe-Version:
      - '2020-08-27'
      X-Stripe-Client-User-Agent:
      - '{"application":{"name":"PayRails","partner_id":"pp_partner_IqhY0UExnJYLxg","url":"https://github.com/pay-rails/pay","version":"3.0.0"},"bindings_version":"5.38.0","lang":"ruby","lang_version":"3.0.2
        p107 (2021-07-07)","platform":"x86_64-darwin20","engine":"ruby","publisher":"stripe","uname":"Darwin
        Chriss-iMac.local 20.5.0 Darwin Kernel Version 20.5.0: Sat May  8 05:10:33
        PDT 2021; root:xnu-7195.121.3~9/RELEASE_X86_64 x86_64","hostname":"Chriss-iMac.local"}'
      Accept-Encoding:
      - gzip;q=1.0,deflate;q=0.6,identity;q=0.3
      Accept:
      - "*/*"
  response:
    status:
      code: 200
      message: OK
    headers:
      Server:
      - nginx
      Date:
      - Wed, 01 Sep 2021 14:57:17 GMT
      Content-Type:
      - application/json
      Content-Length:
      - '619'
      Connection:
      - keep-alive
      Access-Control-Allow-Credentials:
      - 'true'
      Access-Control-Allow-Methods:
      - GET, POST, HEAD, OPTIONS, DELETE
      Access-Control-Allow-Origin:
      - "*"
      Access-Control-Expose-Headers:
      - Request-Id, Stripe-Manage-Version, X-Stripe-External-Auth-Required, X-Stripe-Privileged-Session-Required
      Access-Control-Max-Age:
      - '300'
      Cache-Control:
      - no-cache, no-store
      Request-Id:
      - req_ZVoNN7KIfBltid
      Stripe-Version:
      - '2020-08-27'
      X-Stripe-C-Cost:
      - '0'
      Strict-Transport-Security:
      - max-age=31556926; includeSubDomains; preload
    body:
      encoding: UTF-8
      string: |
        {
          "id": "cus_K9DIAVWOIrEEk9",
          "object": "customer",
          "address": null,
          "balance": 0,
          "created": 1630508236,
          "currency": null,
          "default_source": null,
          "delinquent": false,
          "description": null,
          "discount": null,
          "email": "stripe@example.org",
          "invoice_prefix": "97957984",
          "invoice_settings": {
            "custom_fields": null,
            "default_payment_method": "pm_1JUusKKXBGcbgpbZZYDD99IV",
            "footer": null
          },
          "livemode": false,
          "metadata": {
          },
          "name": "Stripe User",
          "next_invoice_sequence": 1,
          "phone": null,
          "preferred_locales": [

          ],
          "shipping": null,
          "tax_exempt": "none"
        }
  recorded_at: Wed, 01 Sep 2021 14:57:17 GMT
- request:
    method: post
    uri: https://api.stripe.com/v1/payment_methods/pm_card_authenticationRequired/attach
    body:
      encoding: UTF-8
      string: customer=cus_K9DIAVWOIrEEk9
    headers:
      User-Agent:
      - Stripe/v1 RubyBindings/5.38.0 PayRails/3.0.0 (https://github.com/pay-rails/pay)
      Authorization:
      - Bearer <STRIPE_PRIVATE_KEY>
      Content-Type:
      - application/x-www-form-urlencoded
      X-Stripe-Client-Telemetry:
      - '{"last_request_metrics":{"request_id":"req_ZVoNN7KIfBltid","request_duration_ms":383}}'
      Stripe-Version:
      - '2020-08-27'
      X-Stripe-Client-User-Agent:
      - '{"application":{"name":"PayRails","partner_id":"pp_partner_IqhY0UExnJYLxg","url":"https://github.com/pay-rails/pay","version":"3.0.0"},"bindings_version":"5.38.0","lang":"ruby","lang_version":"3.0.2
        p107 (2021-07-07)","platform":"x86_64-darwin20","engine":"ruby","publisher":"stripe","uname":"Darwin
        Chriss-iMac.local 20.5.0 Darwin Kernel Version 20.5.0: Sat May  8 05:10:33
        PDT 2021; root:xnu-7195.121.3~9/RELEASE_X86_64 x86_64","hostname":"Chriss-iMac.local"}'
      Accept-Encoding:
      - gzip;q=1.0,deflate;q=0.6,identity;q=0.3
      Accept:
      - "*/*"
  response:
    status:
      code: 200
      message: OK
    headers:
      Server:
      - nginx
      Date:
      - Wed, 01 Sep 2021 14:57:18 GMT
      Content-Type:
      - application/json
      Content-Length:
      - '943'
      Connection:
      - keep-alive
      Access-Control-Allow-Credentials:
      - 'true'
      Access-Control-Allow-Methods:
      - GET, POST, HEAD, OPTIONS, DELETE
      Access-Control-Allow-Origin:
      - "*"
      Access-Control-Expose-Headers:
      - Request-Id, Stripe-Manage-Version, X-Stripe-External-Auth-Required, X-Stripe-Privileged-Session-Required
      Access-Control-Max-Age:
      - '300'
      Cache-Control:
      - no-cache, no-store
      Request-Id:
      - req_CWCuCdAhgRmHNG
      Stripe-Version:
      - '2020-08-27'
      X-Stripe-C-Cost:
      - '4'
      Strict-Transport-Security:
      - max-age=31556926; includeSubDomains; preload
    body:
      encoding: UTF-8
      string: |
        {
          "id": "pm_1JUusMKXBGcbgpbZIx0PjoRR",
          "object": "payment_method",
          "billing_details": {
            "address": {
              "city": null,
              "country": null,
              "line1": null,
              "line2": null,
              "postal_code": null,
              "state": null
            },
            "email": null,
            "name": null,
            "phone": null
          },
          "card": {
            "brand": "visa",
            "checks": {
              "address_line1_check": null,
              "address_postal_code_check": null,
              "cvc_check": null
            },
            "country": "DE",
            "exp_month": 9,
            "exp_year": 2022,
            "fingerprint": "qu2JxQg97yWGBVrd",
            "funding": "credit",
            "generated_from": null,
            "last4": "3184",
            "networks": {
              "available": [
                "visa"
              ],
              "preferred": null
            },
            "three_d_secure_usage": {
              "supported": true
            },
            "wallet": null
          },
          "created": 1630508238,
          "customer": "cus_K9DIAVWOIrEEk9",
          "livemode": false,
          "metadata": {
          },
          "type": "card"
        }
  recorded_at: Wed, 01 Sep 2021 14:57:18 GMT
- request:
    method: post
    uri: https://api.stripe.com/v1/customers/cus_K9DIAVWOIrEEk9
    body:
      encoding: UTF-8
      string: invoice_settings[default_payment_method]=pm_1JUusMKXBGcbgpbZIx0PjoRR
    headers:
      User-Agent:
      - Stripe/v1 RubyBindings/5.38.0 PayRails/3.0.0 (https://github.com/pay-rails/pay)
      Authorization:
      - Bearer <STRIPE_PRIVATE_KEY>
      Content-Type:
      - application/x-www-form-urlencoded
      X-Stripe-Client-Telemetry:
      - '{"last_request_metrics":{"request_id":"req_CWCuCdAhgRmHNG","request_duration_ms":875}}'
      Stripe-Version:
      - '2020-08-27'
      X-Stripe-Client-User-Agent:
      - '{"application":{"name":"PayRails","partner_id":"pp_partner_IqhY0UExnJYLxg","url":"https://github.com/pay-rails/pay","version":"3.0.0"},"bindings_version":"5.38.0","lang":"ruby","lang_version":"3.0.2
        p107 (2021-07-07)","platform":"x86_64-darwin20","engine":"ruby","publisher":"stripe","uname":"Darwin
        Chriss-iMac.local 20.5.0 Darwin Kernel Version 20.5.0: Sat May  8 05:10:33
        PDT 2021; root:xnu-7195.121.3~9/RELEASE_X86_64 x86_64","hostname":"Chriss-iMac.local"}'
      Accept-Encoding:
      - gzip;q=1.0,deflate;q=0.6,identity;q=0.3
      Accept:
      - "*/*"
  response:
    status:
      code: 200
      message: OK
    headers:
      Server:
      - nginx
      Date:
      - Wed, 01 Sep 2021 14:57:19 GMT
      Content-Type:
      - application/json
      Content-Length:
      - '619'
      Connection:
      - keep-alive
      Access-Control-Allow-Credentials:
      - 'true'
      Access-Control-Allow-Methods:
      - GET, POST, HEAD, OPTIONS, DELETE
      Access-Control-Allow-Origin:
      - "*"
      Access-Control-Expose-Headers:
      - Request-Id, Stripe-Manage-Version, X-Stripe-External-Auth-Required, X-Stripe-Privileged-Session-Required
      Access-Control-Max-Age:
      - '300'
      Cache-Control:
      - no-cache, no-store
      Request-Id:
      - req_n0fVgIRmmlWKoW
      Stripe-Version:
      - '2020-08-27'
      X-Stripe-C-Cost:
      - '0'
      Strict-Transport-Security:
      - max-age=31556926; includeSubDomains; preload
    body:
      encoding: UTF-8
      string: |
        {
          "id": "cus_K9DIAVWOIrEEk9",
          "object": "customer",
          "address": null,
          "balance": 0,
          "created": 1630508236,
          "currency": null,
          "default_source": null,
          "delinquent": false,
          "description": null,
          "discount": null,
          "email": "stripe@example.org",
          "invoice_prefix": "97957984",
          "invoice_settings": {
            "custom_fields": null,
            "default_payment_method": "pm_1JUusMKXBGcbgpbZIx0PjoRR",
            "footer": null
          },
          "livemode": false,
          "metadata": {
          },
          "name": "Stripe User",
          "next_invoice_sequence": 1,
          "phone": null,
          "preferred_locales": [

          ],
          "shipping": null,
          "tax_exempt": "none"
        }
  recorded_at: Wed, 01 Sep 2021 14:57:19 GMT
- request:
    method: post
    uri: https://api.stripe.com/v1/payment_intents
    body:
      encoding: UTF-8
      string: amount=2900&confirm=true&confirmation_method=automatic&currency=usd&customer=cus_K9DIAVWOIrEEk9&payment_method=pm_1JUusMKXBGcbgpbZIx0PjoRR
    headers:
      User-Agent:
      - Stripe/v1 RubyBindings/5.38.0 PayRails/3.0.0 (https://github.com/pay-rails/pay)
      Authorization:
      - Bearer <STRIPE_PRIVATE_KEY>
      Content-Type:
      - application/x-www-form-urlencoded
      X-Stripe-Client-Telemetry:
      - '{"last_request_metrics":{"request_id":"req_n0fVgIRmmlWKoW","request_duration_ms":625}}'
      Stripe-Version:
      - '2020-08-27'
      X-Stripe-Client-User-Agent:
      - '{"application":{"name":"PayRails","partner_id":"pp_partner_IqhY0UExnJYLxg","url":"https://github.com/pay-rails/pay","version":"3.0.0"},"bindings_version":"5.38.0","lang":"ruby","lang_version":"3.0.2
        p107 (2021-07-07)","platform":"x86_64-darwin20","engine":"ruby","publisher":"stripe","uname":"Darwin
        Chriss-iMac.local 20.5.0 Darwin Kernel Version 20.5.0: Sat May  8 05:10:33
        PDT 2021; root:xnu-7195.121.3~9/RELEASE_X86_64 x86_64","hostname":"Chriss-iMac.local"}'
      Accept-Encoding:
      - gzip;q=1.0,deflate;q=0.6,identity;q=0.3
      Accept:
      - "*/*"
  response:
    status:
      code: 200
      message: OK
    headers:
      Server:
      - nginx
      Date:
      - Wed, 01 Sep 2021 14:57:20 GMT
      Content-Type:
      - application/json
      Content-Length:
      - '1754'
      Connection:
      - keep-alive
      Access-Control-Allow-Credentials:
      - 'true'
      Access-Control-Allow-Methods:
      - GET, POST, HEAD, OPTIONS, DELETE
      Access-Control-Allow-Origin:
      - "*"
      Access-Control-Expose-Headers:
      - Request-Id, Stripe-Manage-Version, X-Stripe-External-Auth-Required, X-Stripe-Privileged-Session-Required
      Access-Control-Max-Age:
      - '300'
      Cache-Control:
      - no-cache, no-store
      Request-Id:
      - req_SdxXI43eWYWH79
      Stripe-Version:
      - '2020-08-27'
      X-Stripe-C-Cost:
      - '4'
      Strict-Transport-Security:
      - max-age=31556926; includeSubDomains; preload
    body:
      encoding: UTF-8
      string: |
        {
          "id": "pi_3JUusNKXBGcbgpbZ0Ko6mFbJ",
          "object": "payment_intent",
          "amount": 2900,
          "amount_capturable": 0,
          "amount_received": 0,
          "application": null,
          "application_fee_amount": null,
          "canceled_at": null,
          "cancellation_reason": null,
          "capture_method": "automatic",
          "charges": {
            "object": "list",
            "data": [

            ],
            "has_more": false,
            "total_count": 0,
            "url": "/v1/charges?payment_intent=pi_3JUusNKXBGcbgpbZ0Ko6mFbJ"
          },
          "client_secret": "pi_3JUusNKXBGcbgpbZ0Ko6mFbJ_secret_AJKBCjDwhJUZ0tfL7kPJVsAZI",
          "confirmation_method": "automatic",
          "created": 1630508239,
          "currency": "usd",
          "customer": "cus_K9DIAVWOIrEEk9",
          "description": null,
          "invoice": null,
          "last_payment_error": null,
          "livemode": false,
          "metadata": {
          },
          "next_action": {
            "type": "use_stripe_sdk",
            "use_stripe_sdk": {
              "type": "three_d_secure_redirect",
              "stripe_js": "https://hooks.stripe.com/redirect/authenticate/src_1JUusNKXBGcbgpbZs1jmfpca?client_secret=src_client_secret_vTG7HVp4D1miLhvyJ7ID0ZgS\u0026source_redirect_slug=test_YWNjdF8xRTRiZm5LWEJHY2JncGJaLF9LOURJbjdwNFlYUU1hbkdLOGxGNlk3WDAwZjZBT1pE0100Ey3U7tKG",
              "source": "src_1JUusNKXBGcbgpbZs1jmfpca"
            }
          },
          "on_behalf_of": null,
          "payment_method": "pm_1JUusMKXBGcbgpbZIx0PjoRR",
          "payment_method_options": {
            "card": {
              "installments": null,
              "network": null,
              "request_three_d_secure": "automatic"
            }
          },
          "payment_method_types": [
            "card"
          ],
          "receipt_email": null,
          "review": null,
          "setup_future_usage": null,
          "shipping": null,
          "source": null,
          "statement_descriptor": null,
          "statement_descriptor_suffix": null,
          "status": "requires_action",
          "transfer_data": null,
          "transfer_group": null
        }
  recorded_at: Wed, 01 Sep 2021 14:57:20 GMT
recorded_with: VCR 6.0.0
